#
# An unexpected error has occurred (11) Segmentation fault
#
Stack:
/lib64/libc.so.6(+0x4e630) [0x7fe348f4e630]
/research/CAD/Xilinx/Vivado/2026.1/Vivado/lib/lnx64.o/libxv_netlist.so(HDLHStrings::findName(unsigned int)+0) [0x7fe31b40c010]
/research/CAD/Xilinx/Vivado/2026.1/Vivado/lib/lnx64.o/libxv_netlist.so(HANUCvNameMap::getName[abi:cxx11](HDLHInstance const&) const+0x29) [0x7fe31b4ca0c9]
/research/CAD/Xilinx/Vivado/2026.1/Vivado/lib/lnx64.o/libxv_netlist.so(HANURenameMgr::getHierarchicalNameAppend(HDLHInstance const&, HANENetlist const&, HSTVector<HUTObfuscate::NameComponent, std::allocator<HUTObfuscate::NameComponent> >&, HDLHCellview const*)+0x76) [0x7fe31b3b1666]
/research/CAD/Xilinx/Vivado/2026.1/Vivado/lib/lnx64.o/libxv_constraints.so(HASCUtils::getXDCName[abi:cxx11](HDLHInstance const*, HANENetlist const*, HDLHCellview const*, HANURenameMgr*)+0x65) [0x7fe31e6878d5]
/research/CAD/Xilinx/Vivado/2026.1/Vivado/lib/lnx64.o/libxv_constraints.so(HASCUtils::getXDCName[abi:cxx11](HDLHInstance const*, HANENetlist const*)+0x4b) [0x7fe31e688d4b]
/research/CAD/Xilinx/Vivado/2026.1/Vivado/lib/lnx64.o/libxv_tcltasks.so(+0x62cdf4) [0x7fe341f2cdf4]
/research/CAD/Xilinx/Vivado/2026.1/Vivado/lib/lnx64.o/libtcl8.6.so(Tcl_GetString+0x2b) [0x7fe352d8375b]
/research/CAD/Xilinx/Vivado/2026.1/Vivado/lib/lnx64.o/libxv_common.so(+0x840a64) [0x7fe35367ca64]
/research/CAD/Xilinx/Vivado/2026.1/Vivado/lib/lnx64.o/libxv_common.so(hdi::tcltasks::task_options_base::parse_options(Tcl_Interp*, int, Tcl_Obj* const*)+0xd09) [0x7fe3536a4803]
/research/CAD/Xilinx/Vivado/2026.1/Vivado/lib/lnx64.o/libxv_tcltasks.so(+0xa2ce26) [0x7fe34232ce26]
/research/CAD/Xilinx/Vivado/2026.1/Vivado/lib/lnx64.o/libxv_common.so(+0x85a0e2) [0x7fe3536960e2]
/research/CAD/Xilinx/Vivado/2026.1/Vivado/lib/lnx64.o/libtcl8.6.so(TclNRRunCallbacks+0x47) [0x7fe352caba67]
/research/CAD/Xilinx/Vivado/2026.1/Vivado/lib/lnx64.o/libxv_commontasks.so(+0x457f14) [0x7fe343eacf14]
/research/CAD/Xilinx/Vivado/2026.1/Vivado/lib/lnx64.o/libtcl8.6.so(TclNRRunCallbacks+0x47) [0x7fe352caba67]
/research/CAD/Xilinx/Vivado/2026.1/Vivado/lib/lnx64.o/libtcl8.6.so(+0x4e02e) [0x7fe352cae02e]
/research/CAD/Xilinx/Vivado/2026.1/Vivado/lib/lnx64.o/libtcl8.6.so(TclSubstTokens+0x4b7) [0x7fe352d890e7]
/research/CAD/Xilinx/Vivado/2026.1/Vivado/lib/lnx64.o/libtcl8.6.so(+0x4de24) [0x7fe352cade24]
/research/CAD/Xilinx/Vivado/2026.1/Vivado/lib/lnx64.o/libtcl8.6.so(Tcl_FSEvalFileEx+0x1f4) [0x7fe352d73c34]
/research/CAD/Xilinx/Vivado/2026.1/Vivado/lib/lnx64.o/libxv_commontasks.so(+0x47299e) [0x7fe343ec799e]
/research/CAD/Xilinx/Vivado/2026.1/Vivado/lib/lnx64.o/libxv_common.so(+0x85a0e2) [0x7fe3536960e2]
/research/CAD/Xilinx/Vivado/2026.1/Vivado/lib/lnx64.o/libtcl8.6.so(TclNRRunCallbacks+0x47) [0x7fe352caba67]
/research/CAD/Xilinx/Vivado/2026.1/Vivado/lib/lnx64.o/libxv_commontasks.so(+0x44a76a) [0x7fe343e9f76a]
/research/CAD/Xilinx/Vivado/2026.1/Vivado/lib/lnx64.o/libxv_commontasks.so(+0x44c31d) [0x7fe343ea131d]
/research/CAD/Xilinx/Vivado/2026.1/Vivado/lib/lnx64.o/libxv_common.so(+0x85a0e2) [0x7fe3536960e2]
/research/CAD/Xilinx/Vivado/2026.1/Vivado/lib/lnx64.o/libtcl8.6.so(TclNRRunCallbacks+0x47) [0x7fe352caba67]
/research/CAD/Xilinx/Vivado/2026.1/Vivado/lib/lnx64.o/libxv_commonmain.so(+0x129fb) [0x7fe3542139fb]
/research/CAD/Xilinx/Vivado/2026.1/Vivado/lib/lnx64.o/libtcl8.6.so(Tcl_MainEx+0x1d2) [0x7fe352d7c0b2]
/research/CAD/Xilinx/Vivado/2026.1/Vivado/lib/lnx64.o/libxv_common.so(+0x96e5be) [0x7fe3537aa5be]
/lib64/libpthread.so.0(+0x81ca) [0x7fe348ce81ca]
/lib64/libc.so.6(clone+0x43) [0x7fe348f39953]
