#
# An unexpected error has occurred (11) Segmentation fault
#
Stack:
/lib64/libc.so.6(+0x4e630) [0x7fc6f1866630]
/research/CAD/Xilinx/Vivado/2026.1/Vivado/lib/lnx64.o/libxv_netlist.so(HDLHStrings::findName(unsigned int)+0) [0x7fc6c3d24010]
/research/CAD/Xilinx/Vivado/2026.1/Vivado/lib/lnx64.o/libxv_netlist.so(HANUCvNameMap::getName[abi:cxx11](HDLHInstance const&) const+0x29) [0x7fc6c3de20c9]
/research/CAD/Xilinx/Vivado/2026.1/Vivado/lib/lnx64.o/libxv_netlist.so(HANURenameMgr::getHierarchicalNameAppend(HDLHInstance const&, HANENetlist const&, HSTVector<HUTObfuscate::NameComponent, std::allocator<HUTObfuscate::NameComponent> >&, HDLHCellview const*)+0x76) [0x7fc6c3cc9666]
/research/CAD/Xilinx/Vivado/2026.1/Vivado/lib/lnx64.o/libxv_constraints.so(HASCUtils::getXDCName[abi:cxx11](HDLHInstance const*, HANENetlist const*, HDLHCellview const*, HANURenameMgr*)+0x65) [0x7fc6c6f9f8d5]
/research/CAD/Xilinx/Vivado/2026.1/Vivado/lib/lnx64.o/libxv_constraints.so(HASCUtils::getXDCName[abi:cxx11](HDLHInstance const*, HANENetlist const*)+0x4b) [0x7fc6c6fa0d4b]
/research/CAD/Xilinx/Vivado/2026.1/Vivado/lib/lnx64.o/libxv_tcltasks.so(+0x62cdf4) [0x7fc6ea844df4]
/research/CAD/Xilinx/Vivado/2026.1/Vivado/lib/lnx64.o/libtcl8.6.so(Tcl_GetString+0x2b) [0x7fc6fb69b75b]
/research/CAD/Xilinx/Vivado/2026.1/Vivado/lib/lnx64.o/libxv_common.so(+0x840a64) [0x7fc6fbf94a64]
/research/CAD/Xilinx/Vivado/2026.1/Vivado/lib/lnx64.o/libxv_common.so(hdi::tcltasks::task_options_base::parse_options(Tcl_Interp*, int, Tcl_Obj* const*)+0xd09) [0x7fc6fbfbc803]
/research/CAD/Xilinx/Vivado/2026.1/Vivado/lib/lnx64.o/libxv_tcltasks.so(+0xa2ce26) [0x7fc6eac44e26]
/research/CAD/Xilinx/Vivado/2026.1/Vivado/lib/lnx64.o/libxv_common.so(+0x85a0e2) [0x7fc6fbfae0e2]
/research/CAD/Xilinx/Vivado/2026.1/Vivado/lib/lnx64.o/libtcl8.6.so(TclNRRunCallbacks+0x47) [0x7fc6fb5c3a67]
/research/CAD/Xilinx/Vivado/2026.1/Vivado/lib/lnx64.o/libxv_commontasks.so(+0x457f14) [0x7fc6ec7c4f14]
/research/CAD/Xilinx/Vivado/2026.1/Vivado/lib/lnx64.o/libtcl8.6.so(TclNRRunCallbacks+0x47) [0x7fc6fb5c3a67]
/research/CAD/Xilinx/Vivado/2026.1/Vivado/lib/lnx64.o/libtcl8.6.so(+0x4e02e) [0x7fc6fb5c602e]
/research/CAD/Xilinx/Vivado/2026.1/Vivado/lib/lnx64.o/libtcl8.6.so(TclSubstTokens+0x4b7) [0x7fc6fb6a10e7]
/research/CAD/Xilinx/Vivado/2026.1/Vivado/lib/lnx64.o/libtcl8.6.so(+0x4de24) [0x7fc6fb5c5e24]
/research/CAD/Xilinx/Vivado/2026.1/Vivado/lib/lnx64.o/libtcl8.6.so(Tcl_FSEvalFileEx+0x1f4) [0x7fc6fb68bc34]
/research/CAD/Xilinx/Vivado/2026.1/Vivado/lib/lnx64.o/libxv_commontasks.so(+0x47299e) [0x7fc6ec7df99e]
/research/CAD/Xilinx/Vivado/2026.1/Vivado/lib/lnx64.o/libxv_common.so(+0x85a0e2) [0x7fc6fbfae0e2]
/research/CAD/Xilinx/Vivado/2026.1/Vivado/lib/lnx64.o/libtcl8.6.so(TclNRRunCallbacks+0x47) [0x7fc6fb5c3a67]
/research/CAD/Xilinx/Vivado/2026.1/Vivado/lib/lnx64.o/libxv_commontasks.so(+0x44a76a) [0x7fc6ec7b776a]
/research/CAD/Xilinx/Vivado/2026.1/Vivado/lib/lnx64.o/libxv_commontasks.so(+0x44c31d) [0x7fc6ec7b931d]
/research/CAD/Xilinx/Vivado/2026.1/Vivado/lib/lnx64.o/libxv_common.so(+0x85a0e2) [0x7fc6fbfae0e2]
/research/CAD/Xilinx/Vivado/2026.1/Vivado/lib/lnx64.o/libtcl8.6.so(TclNRRunCallbacks+0x47) [0x7fc6fb5c3a67]
/research/CAD/Xilinx/Vivado/2026.1/Vivado/lib/lnx64.o/libxv_commonmain.so(+0x129fb) [0x7fc6fcb2b9fb]
/research/CAD/Xilinx/Vivado/2026.1/Vivado/lib/lnx64.o/libtcl8.6.so(Tcl_MainEx+0x1d2) [0x7fc6fb6940b2]
/research/CAD/Xilinx/Vivado/2026.1/Vivado/lib/lnx64.o/libxv_common.so(+0x96e5be) [0x7fc6fc0c25be]
/lib64/libpthread.so.0(+0x81ca) [0x7fc6f16001ca]
/lib64/libc.so.6(clone+0x43) [0x7fc6f1851953]
