Copyright 1986-2022 Xilinx, Inc. All Rights Reserved. Copyright 2022-2026 Advanced Micro Devices, Inc. All Rights Reserved.
----------------------------------------------------------------------------------------------------------------------------------------------------------------------------------------------
| Tool Version      : Vivado v.2026.1 (lin64) Build 6511674 Tue Jun 16 11:01:26 MDT 2026
| Date              : Thu Oct  1 00:37:42 2026
| Host              : srv03335 running 64-bit Red Hat Enterprise Linux release 8.10 (Ootpa)
| Command           : report_timing -max_paths 10 -nworst 1 -through [get_pins -of_objects [get_cells u_rp_dut]] -file /tmpdir/claude-74755/kit-interactive/runs/n2/n2_lfsr_base_boundary.rpt
| Design            : shell_top
| Device            : xcku115-flvb1760
| Speed File        : -1  PRODUCTION 1.26 12-04-2018
| Design State      : Routed
| Temperature Grade : C
----------------------------------------------------------------------------------------------------------------------------------------------------------------------------------------------

Timing Report

Slack:                    inf
  Source:                 u_shell/shell_bd_i/board_gpio_0/inst/pad_in_sync1_q_reg[12]/C
                            (rising edge-triggered cell FDRE)
  Destination:            u_rp_dut/gpio_i_q_reg[12]/D
                            (rising edge-triggered cell FDRE clocked by dut_clk  {rise@0.000ns fall@10.000ns period=20.000ns})
  Path Group:             (none)
  Path Type:              Setup (Max at Slow Process Corner)
  Data Path Delay:        1.936ns  (logic 0.139ns (7.180%)  route 1.797ns (92.820%))
  Logic Levels:           1  (FDRE=1)
  Clock Uncertainty:      0.256ns  ((TSJ^2 + DJ^2)^1/2) / 2 + PE
    Total System Jitter     (TSJ):    0.050ns
    Discrete Jitter          (DJ):    0.175ns
    Phase Error              (PE):    0.165ns

    Location             Delay type                Incr(ns)  Path(ns)    Partition      PBlock               Netlist Resource(s)
  -------------------------------------------------------------------    -------------------------------------------------------
    SLICE_X51Y121        FDRE                         0.000     0.000 r  static                              u_shell/shell_bd_i/board_gpio_0/inst/pad_in_sync1_q_reg[12]/C
    SLICE_X51Y121        FDRE (Prop_AFF2_SLICEL_C_Q)
                                                      0.139     0.139 r  static                              u_shell/shell_bd_i/board_gpio_0/inst/pad_in_sync1_q_reg[12]/Q
                         net (fo=2, unplaced)         1.797     1.936    boundary                            u_rp_dut/dut_gpio_i[12]
                         FDRE                                         r  reconfigurable pblock_rp_dut/u_rp_dut_pblock_lfsr
                                                                                                             u_rp_dut/gpio_i_q_reg[12]/D
  -------------------------------------------------------------------    -------------------------------------------------------

                         (clock dut_clk rise edge)    0.000     0.000 r                 <hidden>             
    BUFGCE_X2Y47         BUFGCE                       0.000     0.000 r  static                              u_shell/shell_bd_i/clk_wiz_dut/inst/CLK_CORE_DRP_I/clk_inst/clkout1_buf/O
                         net (fo=302, unplaced)       0.000     0.000    boundary                            u_rp_dut/dut_clk
                         FDRE                                         r  reconfigurable pblock_rp_dut/u_rp_dut_pblock_lfsr
                                                                                                             u_rp_dut/gpio_i_q_reg[12]/C

Slack:                    inf
  Source:                 u_shell/shell_bd_i/board_gpio_0/inst/pad_in_sync1_q_reg[9]/C
                            (rising edge-triggered cell FDRE)
  Destination:            u_rp_dut/gpio_i_q_reg[9]/D
                            (rising edge-triggered cell FDRE clocked by dut_clk  {rise@0.000ns fall@10.000ns period=20.000ns})
  Path Group:             (none)
  Path Type:              Setup (Max at Slow Process Corner)
  Data Path Delay:        1.882ns  (logic 0.139ns (7.386%)  route 1.743ns (92.614%))
  Logic Levels:           1  (FDRE=1)
  Clock Uncertainty:      0.256ns  ((TSJ^2 + DJ^2)^1/2) / 2 + PE
    Total System Jitter     (TSJ):    0.050ns
    Discrete Jitter          (DJ):    0.175ns
    Phase Error              (PE):    0.165ns

    Location             Delay type                Incr(ns)  Path(ns)    Partition      PBlock               Netlist Resource(s)
  -------------------------------------------------------------------    -------------------------------------------------------
    SLICE_X48Y120        FDRE                         0.000     0.000 r  static                              u_shell/shell_bd_i/board_gpio_0/inst/pad_in_sync1_q_reg[9]/C
    SLICE_X48Y120        FDRE (Prop_AFF2_SLICEL_C_Q)
                                                      0.139     0.139 r  static                              u_shell/shell_bd_i/board_gpio_0/inst/pad_in_sync1_q_reg[9]/Q
                         net (fo=2, unplaced)         1.743     1.882    boundary                            u_rp_dut/dut_gpio_i[9]
                         FDRE                                         r  reconfigurable pblock_rp_dut/u_rp_dut_pblock_lfsr
                                                                                                             u_rp_dut/gpio_i_q_reg[9]/D
  -------------------------------------------------------------------    -------------------------------------------------------

                         (clock dut_clk rise edge)    0.000     0.000 r                 <hidden>             
    BUFGCE_X2Y47         BUFGCE                       0.000     0.000 r  static                              u_shell/shell_bd_i/clk_wiz_dut/inst/CLK_CORE_DRP_I/clk_inst/clkout1_buf/O
                         net (fo=302, unplaced)       0.000     0.000    boundary                            u_rp_dut/dut_clk
                         FDRE                                         r  reconfigurable pblock_rp_dut/u_rp_dut_pblock_lfsr
                                                                                                             u_rp_dut/gpio_i_q_reg[9]/C

Slack:                    inf
  Source:                 u_shell/shell_bd_i/board_gpio_0/inst/pad_in_sync1_q_reg[10]/C
                            (rising edge-triggered cell FDRE)
  Destination:            u_rp_dut/gpio_i_q_reg[10]/D
                            (rising edge-triggered cell FDRE clocked by dut_clk  {rise@0.000ns fall@10.000ns period=20.000ns})
