# The guide lead's clean-account run of the built-in minimal on RC2 0x44EE76D5 (Vivado 2026.1): the
# first 148 lines of /home/dam1n19/cleanrun_2026-09-30/home/builds/minimal/out/minimal_timing.rpt
# (check_timing and the Design Timing Summary). N1 / Linux v2.0.0 known issue 11: no_clock 27984,
# yet "All user specified timing constraints are met".
Copyright 1986-2022 Xilinx, Inc. All Rights Reserved. Copyright 2022-2026 Advanced Micro Devices, Inc. All Rights Reserved.
--------------------------------------------------------------------------------------------------------------------------------------------------
| Tool Version      : Vivado v.2026.1 (lin64) Build 6511674 Tue Jun 16 11:01:26 MDT 2026
| Date              : Wed Sep 30 08:39:45 2026
| Host              : srv03335 running 64-bit Red Hat Enterprise Linux release 8.10 (Ootpa)
| Command           : report_timing_summary -file /home/dam1n19/cleanrun_2026-09-30/home/builds/minimal/out/minimal_timing.rpt
| Design            : shell_top
| Device            : xcku115-flvb1760
| Speed File        : -1  PRODUCTION 1.26 12-04-2018
| Design State      : Routed
| Temperature Grade : C
--------------------------------------------------------------------------------------------------------------------------------------------------

Timing Summary Report

------------------------------------------------------------------------------------------------
| Timer Settings
| --------------
------------------------------------------------------------------------------------------------

  Enable Multi Corner Analysis               :  Yes
  Enable Pessimism Removal                   :  Yes
  Pessimism Removal Resolution               :  Nearest Common Node
  Enable Input Delay Default Clock           :  No
  Enable Preset / Clear Arcs                 :  No
  Disable Flight Delays                      :  No
  Ignore I/O Paths                           :  No
  Timing Early Launch at Borrowing Latches   :  No
  Borrow Time for Max Delay Exceptions       :  Yes
  Merge Timing Exceptions                    :  Yes
  Inter-SLR Compensation                     :  Conservative

  Corner  Analyze    Analyze    
  Name    Max Paths  Min Paths  
  ------  ---------  ---------  
  Slow    Yes        Yes        
  Fast    Yes        Yes        


------------------------------------------------------------------------------------------------
| Report Methodology
| ------------------
------------------------------------------------------------------------------------------------

No report available as report_methodology has not been run prior. Run report_methodology on the current design for the summary of methodology violations.



check_timing report

Table of Contents
-----------------
1. checking no_clock (27984)
2. checking constant_clock (0)
3. checking pulse_width_clock (0)
4. checking unconstrained_internal_endpoints (87115)
5. checking no_input_delay (33)
6. checking no_output_delay (55)
7. checking multiple_clock (0)
8. checking generated_clocks (1)
9. checking loops (0)
10. checking partial_input_delay (0)
11. checking partial_output_delay (0)
12. checking latch_loops (0)

1. checking no_clock (27984)
----------------------------
 There are 27446 register/latch pins with no clock driven by root clock pin: OSCCLK1 (HIGH)

 There are 538 register/latch pins with no clock driven by root clock pin: u_shell/shell_bd_i/debug_bridge_0/inst/axi_jtag/inst/u_jtag_proc/tck_i_reg/Q (HIGH)


2. checking constant_clock (0)
------------------------------
 There are 0 register/latch pins with constant_clock.


3. checking pulse_width_clock (0)
---------------------------------
 There are 0 register/latch pins which need pulse_width check


4. checking unconstrained_internal_endpoints (87115)
----------------------------------------------------
 There are 86692 pins that are not constrained for maximum delay. (HIGH)

 There are 423 pins that are not constrained for maximum delay due to constant clock. (MEDIUM)


5. checking no_input_delay (33)
-------------------------------
 There are 2 input ports with no input delay specified. (HIGH)

 There are 31 input ports with no input delay but user has a false path constraint. (MEDIUM)


6. checking no_output_delay (55)
--------------------------------
 There are 15 ports with no output delay specified. (HIGH)

 There are 40 ports with no output delay but user has a false path constraint (MEDIUM)

 There are 0 ports with no output delay but with a timing clock defined on it or propagating through it


7. checking multiple_clock (0)
------------------------------
 There are 0 register/latch pins with multiple clocks.


8. checking generated_clocks (1)
--------------------------------
 There is 1 generated clock that is not connected to a clock source. (HIGH)


9. checking loops (0)
---------------------
 There are 0 combinational loops in the design.


10. checking partial_input_delay (0)
------------------------------------
 There are 0 input ports with partial input delay specified.


11. checking partial_output_delay (0)
-------------------------------------
 There are 0 ports with partial output delay specified.


12. checking latch_loops (0)
----------------------------
 There are 0 combinational latch loops in the design through latch input



------------------------------------------------------------------------------------------------
| Design Timing Summary
| ---------------------
------------------------------------------------------------------------------------------------

    WNS(ns)      TNS(ns)  TNS Failing Endpoints  TNS Total Endpoints      WHS(ns)      THS(ns)  THS Failing Endpoints  THS Total Endpoints     WPWS(ns)     TPWS(ns)  TPWS Failing Endpoints  TPWS Total Endpoints  
    -------      -------  ---------------------  -------------------      -------      -------  ---------------------  -------------------     --------     --------  ----------------------  --------------------  
      0.207        0.000                      0                68599        0.030        0.000                      0                67238        0.124        0.000                       0                 28168  


All user specified timing constraints are met.

