Copyright 1986-2022 Xilinx, Inc. All Rights Reserved. Copyright 2022-2026 Advanced Micro Devices, Inc. All Rights Reserved.
--------------------------------------------------------------------------------------------------------------------------------------------------
| Tool Version : Vivado v.2026.1 (lin64) Build 6511674 Tue Jun 16 11:01:26 MDT 2026
| Date         : Wed Sep 30 19:06:00 2026
| Host         : srv03335 running 64-bit Red Hat Enterprise Linux release 8.10 (Ootpa)
| Command      : report_drc -checks {rm_id[31]} -file /tmpdir/claude-74755/kit-interactive/home/builds/lfsr_wxdc/out/lfsr_floor_drc_hdpr_link.rpt
| Design       : shell_top
| Device       : xcku115-flvb1760-1-c
| Speed File   : -1
| Design State : Synthesized
--------------------------------------------------------------------------------------------------------------------------------------------------

Report DRC

Table of Contents
-----------------
1. REPORT SUMMARY
2. REPORT DETAILS

1. REPORT SUMMARY
-----------------
            Netlist: netlist
          Floorplan: checkpoint_static_routed_locked
      Design limits: <entire design considered>

            Checks: HDPR-1 HDPR-2 HDPR-3 HDPR-4 HDPR-5 HDPR-6 HDPR-7 HDPR-8 
HDPR-9 HDPR-10 HDPR-11 HDPR-12 HDPR-13 HDPR-14 HDPR-15 HDPR-16 HDPR-17 HDPR-18 
HDPR-19 HDPR-20 HDPR-22 HDPR-23 HDPR-25 HDPR-26 HDPR-27 HDPR-28 HDPR-29 HDPR-30 
HDPR-32 HDPR-33 HDPR-34 HDPR-35 HDPR-36 HDPR-37 HDPR-38 HDPR-39 HDPR-40 HDPR-41 
HDPR-42 HDPR-43 HDPR-44 HDPR-45 HDPR-46 HDPR-47 HDPR-48 HDPR-49 HDPR-50 HDPR-51 
HDPR-52 HDPR-54 HDPR-57 HDPR-58 HDPR-59 HDPR-60 HDPR-61 HDPR-62 HDPR-63 HDPR-64 
HDPR-65 HDPR-66 HDPR-67 HDPR-68 HDPR-69 HDPR-70 HDPR-71 HDPR-72 HDPR-73 HDPR-74 
HDPR-83 HDPR-84 HDPR-85 HDPR-86 HDPR-87 HDPR-88 HDPR-90 HDPR-91 HDPR-92 HDPR-93 
HDPR-94 HDPR-95 HDPR-96 HDPR-97 HDPR-98 HDPR-99 HDPR-100 HDPR-103 HDPR-105 
HDPR-106 HDPR-107 HDPR-108 HDPR-109 HDPR-110 HDPR-111 HDPR-112 HDPR-113 HDPR-114
HDPR-115 HDPR-116 HDPR-117 HDPR-118 HDPR-119 HDPR-120 HDPR-121 HDPR-122 
HDPR-123 HDPR-124 HDPR-125 HDPR-126 HDPR-127 HDPR-128 HDPR-129 HDPR-130 HDPR-134
HDPR-135 HDPR-136 HDPR-137 HDPR-138 HDPR-139 HDPR-140 HDPR-141 HDPR-142 
HDPR-143 HDPR-144 HDPR-145 HDPR-146 HDPR-147 HDPR-148 HDPR-149 HDPR-150 HDPR-151
HDPR-152 HDPR-153 HDPR-154 HDPR-155 HDPR-156 HDPR-157 HDPR-158 HDPR-159 
HDPR-160 HDPR-161 HDPR-162 HDPRA-21 HDPRA-51 HDPRA-52 HDPRA-53 HDPRA-54 HDPRA-55
HDPRA-56 HDPRA-57 HDPRA-58 HDPRA-60 HDPRA-62 HDPRA-63 HDPRA-64 HDPRA-65 
HDPRABS-1 HDPRABS-2 HDPRABS-3
             Max checks: <unlimited>
             Checks found: 3
+----------+----------+--------------------------------------------------------+--------+
| Rule     | Severity | Description                                            | Checks |
+----------+----------+--------------------------------------------------------+--------+
| HDPR-141 | Warning  | Reconfigurable Pblocks must not overlap static pblocks | 3      |
+----------+----------+--------------------------------------------------------+--------+

2. REPORT DETAILS
-----------------
HDPR-141#1 Warning
Reconfigurable Pblocks must not overlap static pblocks  
The derived ranges of HD.RECONFIGURABLE Pblock 'u_rp_dut_pblock_rp_dut' overlaps with static Pblock 'pblock_rp_dut'. This would reduce the available resources of static pblock 'pblock_rp_dut'. Use 'report_dfx_summary' to get the available Pblock utilization. Please run 'set_param hd.reportAllOverlapSite 1' to see all  overlapping sites.
Overlapping sites (10):' RAMB18_X6Y9 RAMB18_X6Y8 RAMB18_X6Y7 RAMB18_X6Y6 RAMB18_X6Y5 RAMB18_X6Y4 RAMB18_X6Y3 RAMB18_X6Y2 RAMB18_X6Y1 RAMB18_X6Y0.
Related violations: <none>

HDPR-141#2 Warning
Reconfigurable Pblocks must not overlap static pblocks  
The derived ranges of HD.RECONFIGURABLE Pblock 'u_rp_dut_pblock_rp_dut' overlaps with static Pblock 'pblock_rp_dut'. This would reduce the available resources of static pblock 'pblock_rp_dut'. Use 'report_dfx_summary' to get the available Pblock utilization. Please run 'set_param hd.reportAllOverlapSite 1' to see all  overlapping sites.
Overlapping sites (10):' RAMB36_X6Y9 RAMB36_X6Y8 RAMB36_X6Y7 RAMB36_X6Y6 RAMB36_X6Y5 RAMB36_X6Y4 RAMB36_X6Y3 RAMB36_X6Y2 RAMB36_X6Y1 RAMB36_X6Y0.
Related violations: <none>

HDPR-141#3 Warning
Reconfigurable Pblocks must not overlap static pblocks  
The derived ranges of HD.RECONFIGURABLE Pblock 'u_rp_dut_pblock_rp_dut' overlaps with static Pblock 'pblock_rp_dut'. This would reduce the available resources of static pblock 'pblock_rp_dut'. Use 'report_dfx_summary' to get the available Pblock utilization. Please run 'set_param hd.reportAllOverlapSite 1' to see all  overlapping sites.
Overlapping sites (10):' SLICE_X49Y9 SLICE_X49Y8 SLICE_X49Y7 SLICE_X49Y6 SLICE_X49Y5 SLICE_X49Y4 SLICE_X49Y3 SLICE_X49Y2 SLICE_X49Y1 SLICE_X49Y0.
Related violations: <none>


